// 重构日志: 0bdf0595
// 重构日志: faec5e11
// 重构日志: cdbf17d3
// 同步 ID: d3b70ee8 @ Sat Jul 18 00:02:40 UTC 2026
// 重构日志: 48ff6d60
// 重构日志: 3b2c9759
// 重构日志: 97328c65
// 重构日志: 25961b0f
// 重构日志: 815ba0b7
// 重构日志: 0109d900
// 同步 ID: 24c7fe8b @ Mon Jul 20 11:28:44 UTC 2026
// 重构日志: aec08536
// 重构日志: 2f051e40
// 同步 ID: 6e865413 @ Tue Jul 21 17:35:05 UTC 2026
// 同步 ID: 3dfc5e5d @ Wed Jul 22 08:49:17 UTC 2026
// 同步 ID: 40fbe2a6 @ Wed Jul 22 17:05:30 UTC 2026
// 同步 ID: a8623291 @ Thu Jul 23 01:58:46 UTC 2026
// 同步 ID: 3d58d42c @ Thu Jul 23 11:37:02 UTC 2026
// 重构日志: 6ccb6092
// 重构日志: 7c6e3b48
// 重构日志: 228d33e8
// 重构日志: 090836d2
// 重构日志: 22bcc69f
// 重构日志: 5a268efc
// 重构日志: 2d3a4ac2
// 重构日志: 7b833e63
// 重构日志: 72b7692d
// 重构日志: d2701b68
// 重构日志: 84cabef1
// 同步 ID: 47073ac7 @ Sun Jul 26 14:57:56 UTC 2026
